Modules list:
-------------
c64_main_enhanced.c.33591.0.o:
    CODE              Offs=000000  Size=000238  Align=00001  Fill=0000
    RODATA            Offs=000000  Size=000043  Align=00001  Fill=0000
    DATA              Offs=000000  Size=000020  Align=00001  Fill=0000
/home/scott/github/cppc64cppnorth/tools/cc65-master/lib/c64.lib(_cursor.o):
    BSS               Offs=000000  Size=000001  Align=00001  Fill=0000
/home/scott/github/cppc64cppnorth/tools/cc65-master/lib/c64.lib(addeqsp.o):
    CODE              Offs=000238  Size=000011  Align=00001  Fill=0000
/home/scott/github/cppc64cppnorth/tools/cc65-master/lib/c64.lib(addysp.o):
    CODE              Offs=000249  Size=00000E  Align=00001  Fill=0000
/home/scott/github/cppc64cppnorth/tools/cc65-master/lib/c64.lib(aslax3.o):
    CODE              Offs=000257  Size=00000E  Align=00001  Fill=0000
/home/scott/github/cppc64cppnorth/tools/cc65-master/lib/c64.lib(bordercolor.o):
    CODE              Offs=000265  Size=000008  Align=00001  Fill=0000
/home/scott/github/cppc64cppnorth/tools/cc65-master/lib/c64.lib(callmain.o):
    CODE              Offs=00026D  Size=000017  Align=00001  Fill=0000
    DATA              Offs=000020  Size=000004  Align=00001  Fill=0000
/home/scott/github/cppc64cppnorth/tools/cc65-master/lib/c64.lib(cgetc.o):
    CODE              Offs=000284  Size=000047  Align=00001  Fill=0000
/home/scott/github/cppc64cppnorth/tools/cc65-master/lib/c64.lib(clrscr.o):
/home/scott/github/cppc64cppnorth/tools/cc65-master/lib/c64.lib(color.o):
    CODE              Offs=0002CB  Size=000010  Align=00001  Fill=0000
/home/scott/github/cppc64cppnorth/tools/cc65-master/lib/c64.lib(condes.o):
    CODE              Offs=0002DB  Size=00000C  Align=00001  Fill=0000
    DATA              Offs=000024  Size=000025  Align=00001  Fill=0000
    ONCE              Offs=000000  Size=00000C  Align=00001  Fill=0000
/home/scott/github/cppc64cppnorth/tools/cc65-master/lib/c64.lib(conio.o):
/home/scott/github/cppc64cppnorth/tools/cc65-master/lib/c64.lib(cputc.o):
    CODE              Offs=0002E7  Size=00006D  Align=00001  Fill=0000
/home/scott/github/cppc64cppnorth/tools/cc65-master/lib/c64.lib(cputs.o):
    CODE              Offs=000354  Size=000020  Align=00001  Fill=0000
/home/scott/github/cppc64cppnorth/tools/cc65-master/lib/c64.lib(crt0.o):
    STARTUP           Offs=000000  Size=000033  Align=00001  Fill=0000
    ONCE              Offs=00000C  Size=00001A  Align=00001  Fill=0000
    INIT              Offs=000000  Size=00001C  Align=00001  Fill=0000
/home/scott/github/cppc64cppnorth/tools/cc65-master/lib/c64.lib(decsp2.o):
    CODE              Offs=000374  Size=00000D  Align=00001  Fill=0000
/home/scott/github/cppc64cppnorth/tools/cc65-master/lib/c64.lib(exehdr.o):
    EXEHDR            Offs=000000  Size=00000C  Align=00001  Fill=0000
/home/scott/github/cppc64cppnorth/tools/cc65-master/lib/c64.lib(gotoxy.o):
    CODE              Offs=000381  Size=00000D  Align=00001  Fill=0000
/home/scott/github/cppc64cppnorth/tools/cc65-master/lib/c64.lib(incax1.o):
    CODE              Offs=00038E  Size=000007  Align=00001  Fill=0000
/home/scott/github/cppc64cppnorth/tools/cc65-master/lib/c64.lib(incaxy.o):
    CODE              Offs=000395  Size=00000B  Align=00001  Fill=0000
/home/scott/github/cppc64cppnorth/tools/cc65-master/lib/c64.lib(incsp2.o):
    CODE              Offs=0003A0  Size=000016  Align=00001  Fill=0000
/home/scott/github/cppc64cppnorth/tools/cc65-master/lib/c64.lib(incsp4.o):
    CODE              Offs=0003B6  Size=000005  Align=00001  Fill=0000
/home/scott/github/cppc64cppnorth/tools/cc65-master/lib/c64.lib(kernal.o):
/home/scott/github/cppc64cppnorth/tools/cc65-master/lib/c64.lib(kplot.o):
    CODE              Offs=0003BB  Size=00000B  Align=00001  Fill=0000
/home/scott/github/cppc64cppnorth/tools/cc65-master/lib/c64.lib(loadaddr.o):
    LOADADDR          Offs=000000  Size=000002  Align=00001  Fill=0000
/home/scott/github/cppc64cppnorth/tools/cc65-master/lib/c64.lib(mul8.o):
    CODE              Offs=0003C6  Size=00003A  Align=00001  Fill=0000
/home/scott/github/cppc64cppnorth/tools/cc65-master/lib/c64.lib(popa.o):
    CODE              Offs=000400  Size=00000C  Align=00001  Fill=0000
/home/scott/github/cppc64cppnorth/tools/cc65-master/lib/c64.lib(popptr1.o):
    CODE              Offs=00040C  Size=00000E  Align=00001  Fill=0000
/home/scott/github/cppc64cppnorth/tools/cc65-master/lib/c64.lib(pusha.o):
    CODE              Offs=00041A  Size=000016  Align=00001  Fill=0000
/home/scott/github/cppc64cppnorth/tools/cc65-master/lib/c64.lib(pushax.o):
    CODE              Offs=000430  Size=00001A  Align=00001  Fill=0000
/home/scott/github/cppc64cppnorth/tools/cc65-master/lib/c64.lib(staxsp.o):
    CODE              Offs=00044A  Size=00000B  Align=00001  Fill=0000
/home/scott/github/cppc64cppnorth/tools/cc65-master/lib/c64.lib(zerobss.o):
    CODE              Offs=000455  Size=000023  Align=00001  Fill=0000
/home/scott/github/cppc64cppnorth/tools/cc65-master/lib/c64.lib(zeropage.o):
    ZEROPAGE          Offs=000000  Size=00001A  Align=00001  Fill=0000


Segment list:
-------------
Name                   Start     End    Size  Align
----------------------------------------------------
ZEROPAGE              000002  00001B  00001A  00001
LOADADDR              0007FF  000800  000002  00001
EXEHDR                000801  00080C  00000C  00001
STARTUP               00080D  00083F  000033  00001
CODE                  000840  000CB7  000478  00001
RODATA                000CB8  000CFA  000043  00001
DATA                  000CFB  000D43  000049  00001
INIT                  000D44  000D5F  00001C  00001
BSS                   000D60  000D60  000001  00001
ONCE                  000D60  000D85  000026  00001


Exports list by name:
---------------------
BSOUT                     00FFD2 RLA    CURS_X                    0000D3 RLZ    
CURS_Y                    0000D6 RLZ    PLOT                      000BFB RLA    
__BSS_RUN__               000D60 RLA    __BSS_SIZE__              000001 REA    
__CONSTRUCTOR_COUNT__     000000 REA    __CONSTRUCTOR_TABLE__     000D86 RLA    
__DESTRUCTOR_COUNT__      000000 REA    __DESTRUCTOR_TABLE__      000CFB RLA    
__EXEHDR__                000001 REA    __HEADER_LAST__           00080D RLA    
__HIMEM__                 00D000 REA    __LOADADDR__              000001 REA    
__MAIN_SIZE__             00C7F3 REA    __MAIN_START__            00080D RLA    
__ONCE_RUN__              000D60 RLA    __STACKSIZE__             000800 REA    
__STARTUP__               000001 REA    _bgcolor                  000B13 RLA    
_bordercolor              000AA5 RLA    _cgetc                    000AC4 RLA    
_clrscr                   00E544 REA    _cputc                    000B2C RLA    
_cputs                    000B9E RLA    _gotoxy                   000BC4 RLA    
_main                     000A04 RLA    _textcolor                000B0B RLA    
addeq0sp                  000A78 RLA    addysp                    000A8A RLA    
aslax3                    000A97 RLA    c_sp                      000002 RLZ    
callmain                  000AAD RLA    cursor                    000D60 RLA    
decsp2                    000BB4 RLA    donelib                   000B1B RLA    
gotoxy                    000BC1 RLA    incax1                    000BCE RLA    
incaxy                    000BD7 RLA    incsp2                    000BE8 RLA    
incsp4                    000BF6 RLA    initlib                   000D60 RLA    
plot                      000B80 RLA    popa                      000C40 RLA    
popptr1                   000C4C RLA    ptr1                      00000A RLZ    
ptr4                      000010 RLZ    pusha                     000C5E RLA    
pusha0                    000C72 RLA    pushax                    000C74 RLA    
shlax3                    000A97 RLA    sreg                      000004 RLZ    
stax0sp                   000C8A RLA    tmp1                      000012 RLZ    
tosumula0                 000C06 RLA    zerobss                   000C95 RLA    



Exports list by value:
----------------------
__CONSTRUCTOR_COUNT__     000000 REA    __DESTRUCTOR_COUNT__      000000 REA    
__BSS_SIZE__              000001 REA    __EXEHDR__                000001 REA    
__LOADADDR__              000001 REA    __STARTUP__               000001 REA    
c_sp                      000002 RLZ    sreg                      000004 RLZ    
ptr1                      00000A RLZ    ptr4                      000010 RLZ    
tmp1                      000012 RLZ    CURS_X                    0000D3 RLZ    
CURS_Y                    0000D6 RLZ    __STACKSIZE__             000800 REA    
__HEADER_LAST__           00080D RLA    __MAIN_START__            00080D RLA    
_main                     000A04 RLA    addeq0sp                  000A78 RLA    
addysp                    000A8A RLA    aslax3                    000A97 RLA    
shlax3                    000A97 RLA    _bordercolor              000AA5 RLA    
callmain                  000AAD RLA    _cgetc                    000AC4 RLA    
_textcolor                000B0B RLA    _bgcolor                  000B13 RLA    
donelib                   000B1B RLA    _cputc                    000B2C RLA    
plot                      000B80 RLA    _cputs                    000B9E RLA    
decsp2                    000BB4 RLA    gotoxy                    000BC1 RLA    
_gotoxy                   000BC4 RLA    incax1                    000BCE RLA    
incaxy                    000BD7 RLA    incsp2                    000BE8 RLA    
incsp4                    000BF6 RLA    PLOT                      000BFB RLA    
tosumula0                 000C06 RLA    popa                      000C40 RLA    
popptr1                   000C4C RLA    pusha                     000C5E RLA    
pusha0                    000C72 RLA    pushax                    000C74 RLA    
stax0sp                   000C8A RLA    zerobss                   000C95 RLA    
__DESTRUCTOR_TABLE__      000CFB RLA    __BSS_RUN__               000D60 RLA    
__ONCE_RUN__              000D60 RLA    cursor                    000D60 RLA    
initlib                   000D60 RLA    __CONSTRUCTOR_TABLE__     000D86 RLA    
__MAIN_SIZE__             00C7F3 REA    __HIMEM__                 00D000 REA    
_clrscr                   00E544 REA    BSOUT                     00FFD2 RLA    



Imports list:
-------------
BSOUT (kernal.o):
    crt0.o                    c64/crt0.s:10
CURS_X (conio.o):
    gotoxy.o                  cbm/gotoxy.s:9
CURS_Y (conio.o):
    gotoxy.o                  cbm/gotoxy.s:9
PLOT (kplot.o):
    cputc.o                   c64/cputc.s:13
__BSS_RUN__ ([linker generated]):
    zerobss.o                 common/zerobss.s:8
__BSS_SIZE__ ([linker generated]):
    zerobss.o                 common/zerobss.s:8
__CONSTRUCTOR_COUNT__ ([linker generated]):
    condes.o                  runtime/condes.s:18
__CONSTRUCTOR_TABLE__ ([linker generated]):
    condes.o                  runtime/condes.s:18
__DESTRUCTOR_COUNT__ ([linker generated]):
    condes.o                  runtime/condes.s:19
__DESTRUCTOR_TABLE__ ([linker generated]):
    condes.o                  runtime/condes.s:19
__EXEHDR__ (exehdr.o):
    [linker generated]        /home/scott/github/cppc64cppnorth/tools/cc65-master/cfg/c64.cfg:6
__HEADER_LAST__ ([linker generated]):
    [linker generated]        /home/scott/github/cppc64cppnorth/tools/cc65-master/cfg/c64.cfg:14
    [linker generated]        /home/scott/github/cppc64cppnorth/tools/cc65-master/cfg/c64.cfg:14
__HIMEM__ ([linker generated]):
    [linker generated]        /home/scott/github/cppc64cppnorth/tools/cc65-master/cfg/c64.cfg:15
    [linker generated]        /home/scott/github/cppc64cppnorth/tools/cc65-master/cfg/c64.cfg:14
__LOADADDR__ (loadaddr.o):
    [linker generated]        /home/scott/github/cppc64cppnorth/tools/cc65-master/cfg/c64.cfg:5
__MAIN_SIZE__ ([linker generated]):
    crt0.o                    c64/crt0.s:11
__MAIN_START__ ([linker generated]):
    crt0.o                    c64/crt0.s:11
__ONCE_RUN__ ([linker generated]):
    [linker generated]        /home/scott/github/cppc64cppnorth/tools/cc65-master/cfg/c64.cfg:15
    [linker generated]        /home/scott/github/cppc64cppnorth/tools/cc65-master/cfg/c64.cfg:15
__STACKSIZE__ ([linker generated]):
    [linker generated]        /home/scott/github/cppc64cppnorth/tools/cc65-master/cfg/c64.cfg:15
__STARTUP__ (crt0.o):
    c64_main_enhanced.c.33591.0.o c64_main_enhanced.c.33591.0.s:13
_bgcolor (color.o):
    c64_main_enhanced.c.33591.0.o c64_main_enhanced.c.33591.0.s:19
_bordercolor (bordercolor.o):
    c64_main_enhanced.c.33591.0.o c64_main_enhanced.c.33591.0.s:20
_cgetc (cgetc.o):
    c64_main_enhanced.c.33591.0.o c64_main_enhanced.c.33591.0.s:17
_clrscr (clrscr.o):
    c64_main_enhanced.c.33591.0.o c64_main_enhanced.c.33591.0.s:14
_cputc (cputc.o):
    cputs.o                   conio/cputs.s:9
_cputs (cputs.o):
    c64_main_enhanced.c.33591.0.o c64_main_enhanced.c.33591.0.s:16
_gotoxy (gotoxy.o):
    c64_main_enhanced.c.33591.0.o c64_main_enhanced.c.33591.0.s:15
_main (c64_main_enhanced.c.33591.0.o):
    callmain.o                runtime/callmain.s:11
_textcolor (color.o):
    c64_main_enhanced.c.33591.0.o c64_main_enhanced.c.33591.0.s:18
addeq0sp (addeqsp.o):
    c64_main_enhanced.c.33591.0.o c64_main_enhanced.c.33591.0.s:407
addysp (addysp.o):
    incsp4.o                  runtime/incsp4.s:8
aslax3 (aslax3.o):
    c64_main_enhanced.c.33591.0.o c64_main_enhanced.c.33591.0.s:407
c_sp (zeropage.o):
    incsp2.o                  runtime/incsp2.s:8
    addysp.o                  runtime/addysp.s:8
    staxsp.o                  runtime/staxsp.s:8
    pushax.o                  runtime/pushax.s:8
    pusha.o                   runtime/pusha.s:8
    popptr1.o                 runtime/popptr1.s:9
    popa.o                    runtime/popa.s:8
    decsp2.o                  runtime/decsp2.s:8
    crt0.o                    /home/scott/github/cppc64cppnorth/tools/cc65-master/asminc/zeropage.inc:11
    addeqsp.o                 runtime/addeqsp.s:8
    c64_main_enhanced.c.33591.0.o c64_main_enhanced.c.33591.0.s:10
callmain (callmain.o):
    crt0.o                    c64/crt0.s:9
cursor (_cursor.o):
    cgetc.o                   c64/cgetc.s:8
decsp2 (decsp2.o):
    c64_main_enhanced.c.33591.0.o c64_main_enhanced.c.33591.0.s:407
    c64_main_enhanced.c.33591.0.o c64_main_enhanced.c.33591.0.s:407
donelib (condes.o):
    crt0.o                    c64/crt0.s:8
gotoxy (gotoxy.o):
    cputc.o                   c64/cputc.s:12
    cputs.o                   conio/cputs.s:9
incax1 (incax1.o):
    c64_main_enhanced.c.33591.0.o c64_main_enhanced.c.33591.0.s:407
incaxy (incaxy.o):
    c64_main_enhanced.c.33591.0.o c64_main_enhanced.c.33591.0.s:407
incsp2 (incsp2.o):
    popptr1.o                 runtime/popptr1.s:8
incsp4 (incsp4.o):
    c64_main_enhanced.c.33591.0.o c64_main_enhanced.c.33591.0.s:407
    c64_main_enhanced.c.33591.0.o c64_main_enhanced.c.33591.0.s:407
initlib (condes.o):
    crt0.o                    c64/crt0.s:8
plot (cputc.o):
    gotoxy.o                  cbm/gotoxy.s:8
popa (popa.o):
    gotoxy.o                  cbm/gotoxy.s:8
popptr1 (popptr1.o):
    mul8.o                    runtime/mul8.s:9
ptr1 (zeropage.o):
    zerobss.o                 common/zerobss.s:9
    popptr1.o                 runtime/popptr1.s:9
    mul8.o                    runtime/mul8.s:10
    cputs.o                   conio/cputs.s:10
    c64_main_enhanced.c.33591.0.o c64_main_enhanced.c.33591.0.s:11
ptr4 (zeropage.o):
    mul8.o                    runtime/mul8.s:10
pusha (pusha.o):
    c64_main_enhanced.c.33591.0.o c64_main_enhanced.c.33591.0.s:407
    c64_main_enhanced.c.33591.0.o c64_main_enhanced.c.33591.0.s:407
pusha0 (pushax.o):
    c64_main_enhanced.c.33591.0.o c64_main_enhanced.c.33591.0.s:407
pushax (pushax.o):
    callmain.o                runtime/callmain.s:11
    c64_main_enhanced.c.33591.0.o c64_main_enhanced.c.33591.0.s:407
shlax3 (aslax3.o):
    c64_main_enhanced.c.33591.0.o c64_main_enhanced.c.33591.0.s:407
sreg (zeropage.o):
    c64_main_enhanced.c.33591.0.o c64_main_enhanced.c.33591.0.s:10
stax0sp (staxsp.o):
    c64_main_enhanced.c.33591.0.o c64_main_enhanced.c.33591.0.s:407
tmp1 (zeropage.o):
    incaxy.o                  runtime/incaxy.s:8
    aslax3.o                  runtime/aslax3.s:8
tosumula0 (mul8.o):
    c64_main_enhanced.c.33591.0.o c64_main_enhanced.c.33591.0.s:407
zerobss (zerobss.o):
    crt0.o                    c64/crt0.s:9

